// Jest Snapshot v1, https://goo.gl/fbAQLP

exports[`Details page test should render Details page properly 1`] = `
Object {
  "asFragment": [Function],
  "baseElement": <body>
    <div>
      <div>
        <div
          class="detail-container"
        >
          <div
            class="content"
          >
            <h1
              class="detail-name"
            />
          </div>
          <div
            class="content"
          >
            <div
              class="rank"
            >
              <span
                class="rank-btn"
              >
                Rank # 
              </span>
            </div>
            <div
              class="info"
            >
              <div
                class="detail-heading"
              />
              <div
                class="detail-price"
              />
            </div>
          </div>
          <div
            class="content"
          >
            <table
              class="table"
            >
              <thead>
                <tr>
                  <th>
                    1h
                  </th>
                  <th>
                    24h
                  </th>
                  <th>
                    7d
                  </th>
                  <th>
                    14d
                  </th>
                  <th>
                    30d
                  </th>
                  <th>
                    1yr
                  </th>
                </tr>
              </thead>
              <tbody>
                <tr>
                  <td>
                    %
                  </td>
                  <td>
                    %
                  </td>
                  <td>
                    %
                  </td>
                  <td>
                    %
                  </td>
                  <td>
                    %
                  </td>
                  <td>
                    %
                  </td>
                </tr>
              </tbody>
            </table>
          </div>
          <div
            class="content"
          >
            <div
              class="stats"
            >
              <div
                class="left"
              >
                <div
                  class="row first-row"
                >
                  <h4>
                    24 Hour Low
                  </h4>
                </div>
                <div
                  class="row "
                >
                  <h4>
                    24 Hour High
                  </h4>
                </div>
              </div>
              <div
                class="right"
              >
                <div
                  class="row"
                >
                  <h4>
                    Market Cap
                  </h4>
                </div>
                <div
                  class="row"
                >
                  <h4>
                    Circulating Supply
                  </h4>
                </div>
              </div>
            </div>
          </div>
          <div
            class="content"
          >
            <div
              class="about"
            >
              <h3
                class="about-header"
              >
                About
              </h3>
              <p
                class="about-description"
              />
            </div>
          </div>
        </div>
      </div>
    </div>
  </body>,
  "container": <div>
    <div>
      <div
        class="detail-container"
      >
        <div
          class="content"
        >
          <h1
            class="detail-name"
          />
        </div>
        <div
          class="content"
        >
          <div
            class="rank"
          >
            <span
              class="rank-btn"
            >
              Rank # 
            </span>
          </div>
          <div
            class="info"
          >
            <div
              class="detail-heading"
            />
            <div
              class="detail-price"
            />
          </div>
        </div>
        <div
          class="content"
        >
          <table
            class="table"
          >
            <thead>
              <tr>
                <th>
                  1h
                </th>
                <th>
                  24h
                </th>
                <th>
                  7d
                </th>
                <th>
                  14d
                </th>
                <th>
                  30d
                </th>
                <th>
                  1yr
                </th>
              </tr>
            </thead>
            <tbody>
              <tr>
                <td>
                  %
                </td>
                <td>
                  %
                </td>
                <td>
                  %
                </td>
                <td>
                  %
                </td>
                <td>
                  %
                </td>
                <td>
                  %
                </td>
              </tr>
            </tbody>
          </table>
        </div>
        <div
          class="content"
        >
          <div
            class="stats"
          >
            <div
              class="left"
            >
              <div
                class="row first-row"
              >
                <h4>
                  24 Hour Low
                </h4>
              </div>
              <div
                class="row "
              >
                <h4>
                  24 Hour High
                </h4>
              </div>
            </div>
            <div
              class="right"
            >
              <div
                class="row"
              >
                <h4>
                  Market Cap
                </h4>
              </div>
              <div
                class="row"
              >
                <h4>
                  Circulating Supply
                </h4>
              </div>
            </div>
          </div>
        </div>
        <div
          class="content"
        >
          <div
            class="about"
          >
            <h3
              class="about-header"
            >
              About
            </h3>
            <p
              class="about-description"
            />
          </div>
        </div>
      </div>
    </div>
  </div>,
  "debug": [Function],
  "findAllByAltText": [Function],
  "findAllByDisplayValue": [Function],
  "findAllByLabelText": [Function],
  "findAllByPlaceholderText": [Function],
  "findAllByRole": [Function],
  "findAllByTestId": [Function],
  "findAllByText": [Function],
  "findAllByTitle": [Function],
  "findByAltText": [Function],
  "findByDisplayValue": [Function],
  "findByLabelText": [Function],
  "findByPlaceholderText": [Function],
  "findByRole": [Function],
  "findByTestId": [Function],
  "findByText": [Function],
  "findByTitle": [Function],
  "getAllByAltText": [Function],
  "getAllByDisplayValue": [Function],
  "getAllByLabelText": [Function],
  "getAllByPlaceholderText": [Function],
  "getAllByRole": [Function],
  "getAllByTestId": [Function],
  "getAllByText": [Function],
  "getAllByTitle": [Function],
  "getByAltText": [Function],
  "getByDisplayValue": [Function],
  "getByLabelText": [Function],
  "getByPlaceholderText": [Function],
  "getByRole": [Function],
  "getByTestId": [Function],
  "getByText": [Function],
  "getByTitle": [Function],
  "queryAllByAltText": [Function],
  "queryAllByDisplayValue": [Function],
  "queryAllByLabelText": [Function],
  "queryAllByPlaceholderText": [Function],
  "queryAllByRole": [Function],
  "queryAllByTestId": [Function],
  "queryAllByText": [Function],
  "queryAllByTitle": [Function],
  "queryByAltText": [Function],
  "queryByDisplayValue": [Function],
  "queryByLabelText": [Function],
  "queryByPlaceholderText": [Function],
  "queryByRole": [Function],
  "queryByTestId": [Function],
  "queryByText": [Function],
  "queryByTitle": [Function],
  "rerender": [Function],
  "unmount": [Function],
}
`;
