// Jest Snapshot v1, https://goo.gl/fbAQLP

exports[`Home page test should render home page properly 1`] = `
Object {
  "asFragment": [Function],
  "baseElement": <body>
    <div>
      <div
        class="container"
      >
        <div
          class="search-container"
        >
          <input
            class="input"
            placeholder="Search"
            type="text"
          />
        </div>
        <div>
          <div
            class="heading"
          >
            <p
              class="first title"
            >
              #
            </p>
            <p
              class="width title"
            >
              Coin
            </p>
            <p
              class="width title"
            >
              Price
            </p>
            <p
              class="width title"
            >
              24h
            </p>
            <p
              class="hide-mobile width title"
            >
              Volume
            </p>
            <p
              class="hide-mobile width title"
            >
              Mkt Cap
            </p>
          </div>
          <div
            class="warning"
          >
            <i
              class="uil uil-exclamation-triangle warn-icon"
            />
            <h1>
              Coin Not Available
            </h1>
             
          </div>
        </div>
      </div>
    </div>
  </body>,
  "container": <div>
    <div
      class="container"
    >
      <div
        class="search-container"
      >
        <input
          class="input"
          placeholder="Search"
          type="text"
        />
      </div>
      <div>
        <div
          class="heading"
        >
          <p
            class="first title"
          >
            #
          </p>
          <p
            class="width title"
          >
            Coin
          </p>
          <p
            class="width title"
          >
            Price
          </p>
          <p
            class="width title"
          >
            24h
          </p>
          <p
            class="hide-mobile width title"
          >
            Volume
          </p>
          <p
            class="hide-mobile width title"
          >
            Mkt Cap
          </p>
        </div>
        <div
          class="warning"
        >
          <i
            class="uil uil-exclamation-triangle warn-icon"
          />
          <h1>
            Coin Not Available
          </h1>
           
        </div>
      </div>
    </div>
  </div>,
  "debug": [Function],
  "findAllByAltText": [Function],
  "findAllByDisplayValue": [Function],
  "findAllByLabelText": [Function],
  "findAllByPlaceholderText": [Function],
  "findAllByRole": [Function],
  "findAllByTestId": [Function],
  "findAllByText": [Function],
  "findAllByTitle": [Function],
  "findByAltText": [Function],
  "findByDisplayValue": [Function],
  "findByLabelText": [Function],
  "findByPlaceholderText": [Function],
  "findByRole": [Function],
  "findByTestId": [Function],
  "findByText": [Function],
  "findByTitle": [Function],
  "getAllByAltText": [Function],
  "getAllByDisplayValue": [Function],
  "getAllByLabelText": [Function],
  "getAllByPlaceholderText": [Function],
  "getAllByRole": [Function],
  "getAllByTestId": [Function],
  "getAllByText": [Function],
  "getAllByTitle": [Function],
  "getByAltText": [Function],
  "getByDisplayValue": [Function],
  "getByLabelText": [Function],
  "getByPlaceholderText": [Function],
  "getByRole": [Function],
  "getByTestId": [Function],
  "getByText": [Function],
  "getByTitle": [Function],
  "queryAllByAltText": [Function],
  "queryAllByDisplayValue": [Function],
  "queryAllByLabelText": [Function],
  "queryAllByPlaceholderText": [Function],
  "queryAllByRole": [Function],
  "queryAllByTestId": [Function],
  "queryAllByText": [Function],
  "queryAllByTitle": [Function],
  "queryByAltText": [Function],
  "queryByDisplayValue": [Function],
  "queryByLabelText": [Function],
  "queryByPlaceholderText": [Function],
  "queryByRole": [Function],
  "queryByTestId": [Function],
  "queryByText": [Function],
  "queryByTitle": [Function],
  "rerender": [Function],
  "unmount": [Function],
}
`;
